../Core/Src/main.c:58:6:LED	16	static
../Core/Src/main.c:103:6:sang_het	16	static
../Core/Src/main.c:109:6:tat_het	16	static
../Core/Src/main.c:115:6:chop_tat	24	static
../Core/Src/main.c:129:6:sang_duoi	16	static
../Core/Src/main.c:140:6:sang_don	24	static
../Core/Src/main.c:159:6:delay_msX	24	static
../Core/Src/main.c:174:6:btn_sangdon	8	static
../Core/Src/main.c:184:6:btn_choptat	8	static
../Core/Src/main.c:199:5:main	8	static
../Core/Src/main.c:252:6:SystemClock_Config	88	static
../Core/Src/main.c:294:13:MX_GPIO_Init	40	static
../Core/Src/main.c:332:6:Error_Handler	4	static,ignoring_inline_asm
